Microchip MPLAB XC8 Compiler V1.33 ()

Linker command line:

--edf=C:\Program Files (x86)\Microchip\xc8\v1.33\dat\en_msgs.txt -cs \
  -h+dist/default/production\18F2550-MPLAB.X.production.sym \
  --cmf=dist/default/production\18F2550-MPLAB.X.production.cmf -z -Q18F4550 \
  -oC:\Users\3DR\AppData\Local\Temp\s5c0.6 \
  -Mdist/default/production/18F2550-MPLAB.X.production.map -E1 -ver=XC8 \
  -ASTACK=09Dh-03ffh -pstack=STACK -ACODE=00h-07FFFh -ACONST=00h-07FFFh \
  -ASMALLCONST=0800h-08FFhx120 -AMEDIUMCONST=0800h-07FFFh -ACOMRAM=01h-05Fh \
  -AABS1=00h-07FFh -ABIGRAM=01h-07FFh -ARAM=060h-0FFh,0100h-01FFhx7 \
  -ABANK0=060h-0FFh -ABANK1=0100h-01FFh -ABANK2=0200h-02FFh \
  -ABANK3=0300h-03FFh -ABANK4=0400h-04FFh -ABANK5=0500h-05FFh \
  -ABANK6=0600h-06FFh -ABANK7=0700h-07FFh -ASFR=0F60h-0FFFh \
  -preset_vec=00h,intcode=08h,intcodelo=018h,powerup,init,end_init \
  -pramtop=0800h -psmallconst=SMALLCONST -pmediumconst=MEDIUMCONST \
  -pconst=CONST -AFARRAM=00h-00h -ACONFIG=0300000h-030000Dh -pconfig=CONFIG \
  -AIDLOC=0200000h-0200007h -pidloc=IDLOC -AEEDATA=0F00000h-0F000FFh \
  -peeprom_data=EEDATA \
  -prdata=COMRAM,nvrram=COMRAM,nvbit=COMRAM,rbss=COMRAM,rbit=COMRAM \
  -pfarbss=FARRAM,fardata=FARRAM,nvFARRAM=FARRAM \
  -pintsave_regs=BIGRAM,bigbss=BIGRAM,bigdata=BIGRAM -pbss=RAM \
  -pidata=CODE,irdata=CODE,ibigdata=CODE,ifardata=CODE \
  C:\Users\3DR\AppData\Local\Temp\s5c0.obj \
  dist/default/production\18F2550-MPLAB.X.production.obj 

Object code version is 3.11

Machine type is 18F4550

Call graph: (short form)




                Name                               Link     Load   Length Selector   Space Scale
C:\Users\3DR\AppData\Local\Temp\s5c0.obj
                end_init                             A2       A2        4        C       0
                reset_vec                             0        0        4        0       0
                idloc                            200000   200000        8   200000       0
                config                           300000   300000        E   300000       0
dist/default/production\18F2550-MPLAB.X.production.obj
                intcodelo                            18       18       8A        C       0
                intcode                               8        8       10        4       0
                smallconst                          800      800       E6      400       0
                text42                             1936     1936       E0      473       0
                text41                             1C6A     1C6A       AA      473       0
                text40                             1BA6     1BA6       C4      473       0
                text39                             127E     127E      10E      473       0
                text38                             2046     2046       5A      473       0
                text37                             1DB2     1DB2       9E      473       0
                text36                             20A0     20A0       48      473       0
                text35                             1A16     1A16       CA      473       0
                text34                             2126     2126       3A      473       0
                text33                             22E8     22E8        2      473       0
                text32                             22E6     22E6        2      473       0
                text31                             22E4     22E4        2      473       0
                text30                             22E2     22E2        2      473       0
                text29                             138C     138C      100      473       0
                text28                             1F5E     1F5E       7C      473       0
                text27                              8E6      8E6      2BA      473       0
                text26                             100A     100A      13E      473       0
                text25                             1AE0     1AE0       C6      473       0
                text24                             2228     2228       2C      473       0
                text23                             1584     1584       F2      473       0
                text22                             1766     1766       F0      473       0
                text21                             1D14     1D14       9E      473       0
                text20                             1676     1676       F0      473       0
                text19                             1E50     1E50       92      473       0
                text18                             1856     1856       E0      473       0
                text17                             20E8     20E8       3E      473       0
                text16                             2254     2254       28      473       0
                text15                             21FA     21FA       2E      473       0
                text14                              EBA      EBA      150      473       0
                text13                             1148     1148      136      473       0
                intcode_body                       1FDA     1FDA       6C      473       0
                text10                             22D2     22D2        C      473       0
                text9                              22DE     22DE        4      473       0
                text8                              148C     148C       F8      473       0
                text7                              2160     2160       38      473       0
                text6                               BA0      BA0      1A8      473       0
                text5                              1EE2     1EE2       7C      473       0
                text4                              22BE     22BE       14      473       0
                text3                              21CA     21CA       30      473       0
                text2                              2198     2198       32      473       0
                text1                               D48      D48      172      473       0
                text0                              229E     229E       20      473       0
                cstackCOMRAM                          1        1       33        1       1
                cstackBANK0                          80       80       1D       60       1
                bssBANK0                             60       60       20       60       1
                bssCOMRAM                            34       34       1B        1       1
                cinit                              227C     227C       22      473       0

TOTAL           Name                               Link     Load   Length     Space
        CLASS   STACK          

        CLASS   CODE           
                end_init                             A2       A2        4         0
                intcodelo                            18       18       8A         0
                intcode                               8        8       10         0
                reset_vec                             0        0        4         0
                text42                             1936     1936       E0         0
                text41                             1C6A     1C6A       AA         0
                text40                             1BA6     1BA6       C4         0
                text39                             127E     127E      10E         0
                text38                             2046     2046       5A         0
                text37                             1DB2     1DB2       9E         0
                text36                             20A0     20A0       48         0
                text35                             1A16     1A16       CA         0
                text34                             2126     2126       3A         0
                text33                             22E8     22E8        2         0
                text32                             22E6     22E6        2         0
                text31                             22E4     22E4        2         0
                text30                             22E2     22E2        2         0
                text29                             138C     138C      100         0
                text28                             1F5E     1F5E       7C         0
                text27                              8E6      8E6      2BA         0
                text26                             100A     100A      13E         0
                text25                             1AE0     1AE0       C6         0
                text24                             2228     2228       2C         0
                text23                             1584     1584       F2         0
                text22                             1766     1766       F0         0
                text21                             1D14     1D14       9E         0
                text20                             1676     1676       F0         0
                text19                             1E50     1E50       92         0
                text18                             1856     1856       E0         0
                text17                             20E8     20E8       3E         0
                text16                             2254     2254       28         0
                text15                             21FA     21FA       2E         0
                text14                              EBA      EBA      150         0
                text13                             1148     1148      136         0
                intcode_body                       1FDA     1FDA       6C         0
                text10                             22D2     22D2        C         0
                text9                              22DE     22DE        4         0
                text8                              148C     148C       F8         0
                text7                              2160     2160       38         0
                text6                               BA0      BA0      1A8         0
                text5                              1EE2     1EE2       7C         0
                text4                              22BE     22BE       14         0
                text3                              21CA     21CA       30         0
                text2                              2198     2198       32         0
                text1                               D48      D48      172         0
                text0                              229E     229E       20         0
                cinit                              227C     227C       22         0

        CLASS   CONST          

        CLASS   SMALLCONST     
                smallconst                          800      800       E6         0

        CLASS   MEDIUMCONST    

        CLASS   COMRAM         
                cstackCOMRAM                          1        1       33         1
                bssCOMRAM                            34       34       1B         1

        CLASS   ABS1           
                abs_s1                              400      400       30         1
                abs_s1                              500      500       80         1

        CLASS   BIGRAM         

        CLASS   RAM            

        CLASS   BANK0          
                cstackBANK0                          80       80       1D         1
                bssBANK0                             60       60       20         1

        CLASS   BANK1          

        CLASS   BANK2          

        CLASS   BANK3          

        CLASS   BANK4          

        CLASS   BANK5          

        CLASS   BANK6          

        CLASS   BANK7          

        CLASS   SFR            

        CLASS   FARRAM         

        CLASS   CONFIG         
                config                           300000   300000        E         0

        CLASS   IDLOC          
                idloc                            200000   200000        8         0

        CLASS   EEDATA         



SEGMENTS        Name                           Load    Length   Top    Selector   Space  Class

                reset_vec                      000000  000004  000004         0       0  CODE    
                cstackCOMRAM                   000001  00004E  00004F         1       1  COMRAM  
                intcode                        000008  000010  000018         4       0  CODE    
                intcodelo                      000018  00008E  0000A6         C       0  CODE    
                bssBANK0                       000060  00003D  00009D        60       1  BANK0   
                smallconst                     000800  0000E6  0008E6       400       0  SMALLCON
                text27                         0008E6  001A04  0022EA       473       0  CODE    
                idloc                          200000  000008  200008    200000       0  IDLOC   
                config                         300000  00000E  30000E    300000       0  CONFIG  


UNUSED ADDRESS RANGES

        Name                Unused          Largest block    Delta
        BANK0            00009D-0000FF               63
        BANK1            000100-0001FF              100
        BANK2            000200-0002FF              100
        BANK3            000300-0003FF              100
        BANK4            000430-0004FF               D0
        BANK5            000580-0005FF               80
        BANK6            000600-0006FF              100
        BANK7            000700-0007FF              100
        BIGRAM           00004F-00005F               11
                         00009D-0003FF              363
                         000430-0004FF               D0
                         000580-0007FF              280
        CODE             000004-000007                4
                         0000A6-0007FF              75A
                         0022EA-007FFF             5D16
        COMRAM           00004F-00005F               11
        CONST            000004-000007                4
                         0000A6-0007FF              75A
                         0022EA-007FFF             5D16
        EEDATA           F00000-F000FF              100
        MEDIUMCONST      0022EA-007FFF             5D16
        RAM              00009D-0003FF              100
                         000430-0004FF               D0
                         000580-0007FF              100
        SFR              000F60-000FFF               A0
        SMALLCONST       0022EA-007FFF              100
        STACK            00009D-0003FF              363

                                  Symbol Table

?_USBTransferOnePacket                    cstackBANK0  000090
?i2_USBTransferOnePacket                  cstackCOMRAM 000012
APP_LEDUpdateUSBStatus@ledCount           bssCOMRAM    000034
OpenADC@config                            cstackBANK0  000094
OpenADC@config2                           cstackBANK0  000090
OpenADC@portconfig                        cstackBANK0  000091
SYSTEM_Initialize@state                   cstackBANK0  000095
USBCBSendResume@delay_count               bssCOMRAM    000036
USBConfigureEndpoint@EPNum                cstackCOMRAM 000017
USBConfigureEndpoint@direction            cstackCOMRAM 000012
USBConfigureEndpoint@handle               cstackCOMRAM 000018
USBCtrlEPService@setup_cnt                cstackBANK0  000080
USBCtrlTrfInHandler@lastDTS               cstackCOMRAM 000013
USBCtrlTrfRxService@byteToRead            cstackCOMRAM 000013
USBCtrlTrfRxService@i                     cstackCOMRAM 000012
USBCtrlTrfTxService@byteToSend            cstackCOMRAM 000012
USBDeviceInit@i                           cstackBANK0  000098
USBDeviceTasks@i                          cstackBANK0  000081
USBEnableEndpoint@ep                      cstackCOMRAM 00001F
USBEnableEndpoint@options                 cstackCOMRAM 00001A
USBEnableEndpoint@p                       cstackCOMRAM 00001D
USBStdFeatureReqHandler@current_ep_data   cstackCOMRAM 00002D
USBStdFeatureReqHandler@p                 cstackCOMRAM 00002E
USBStdFeatureReqHandler@pUEP              cstackCOMRAM 00002B
USBStdGetStatusHandler@p                  cstackCOMRAM 000013
USBStdSetCfgHandler@i                     cstackCOMRAM 000028
USBTransferOnePacket@data                 cstackBANK0  000091
USBTransferOnePacket@dir                  cstackBANK0  000090
USBTransferOnePacket@ep                   cstackBANK0  000094
USBTransferOnePacket@handle               cstackBANK0  000095
USBTransferOnePacket@len                  cstackBANK0  000093
USER_USB_CALLBACK_EVENT_HANDLER@event     cstackCOMRAM 000020
USER_USB_CALLBACK_EVENT_HANDLER@pdata     cstackCOMRAM 000022
USER_USB_CALLBACK_EVENT_HANDLER@size      cstackCOMRAM 000024
_ADCON0                                   (abs)        000FC2
_ADCON0bits                               (abs)        000FC2
_ADCON1                                   (abs)        000FC1
_ADCON2                                   (abs)        000FC0
_ADRESH                                   (abs)        000FC4
_ADRESL                                   (abs)        000FC3
_APP_CustomHIDInitialize                  text34       002126
_APP_CustomHIDTasks                       text6        000BA0
_APP_CustomHIDTasks$326                   cstackBANK0  000099
_APP_CustomHIDTasks$376                   cstackBANK0  00009B
_APP_USBCBErrorHandler                    text33       0022E8
_APP_USBCBSuspend                         text32       0022E6
_APP_USBCBWakeFromSuspend                 text31       0022E4
_APP_USBCB_SOF_Handler                    text30       0022E2
_BDT                                      (abs)        000400
_BothEP0OutUOWNsSet                       bssCOMRAM    00003E
_BusyADC                                  text10       0022D2
_ConvertADC                               text9        0022DE
_CtrlTrfData                              (abs)        000428
_INTCONbits                               (abs)        000FF2
_IPR2bits                                 (abs)        000FA2
_LATB                                     (abs)        000F8A
_LATBbits                                 (abs)        000F8A
_OpenADC                                  text5        001EE2
_PIE1bits                                 (abs)        000F9D
_PIE2bits                                 (abs)        000FA0
_PIR1bits                                 (abs)        000F9E
_PIR2bits                                 (abs)        000FA1
_PORTBbits                                (abs)        000F81
_RCONbits                                 (abs)        000FD0
_ReceivedDataBuffer                       (abs)        000500
_RemoteWakeup                             bssCOMRAM    00003F
_SYSTEM_Initialize                        text3        0021CA
_SYS_InterruptHigh                        intcode      000008
_SYS_InterruptLow                         intcodelo    000018
_SetupPkt                                 (abs)        000420
_TRISAbits                                (abs)        000F92
_TRISB                                    (abs)        000F93
_TRISBbits                                (abs)        000F93
_ToSendDataBuffer                         (abs)        000540
_UADDR                                    (abs)        000F6E
_UCFG                                     (abs)        000F6F
_UCON                                     (abs)        000F6D
_UCONbits                                 (abs)        000F6D
_UEIE                                     (abs)        000F6B
_UEIR                                     (abs)        000F6A
_UEP0                                     (abs)        000F70
_UEP0bits                                 (abs)        000F70
_UEP1                                     (abs)        000F71
_UIE                                      (abs)        000F69
_UIEbits                                  (abs)        000F69
_UIR                                      (abs)        000F68
_UIRbits                                  (abs)        000F68
_USBActiveConfiguration                   bssCOMRAM    00004A
_USBAlternateInterface                    bssCOMRAM    00004B
_USBBusIsSuspended                        bssCOMRAM    000040
_USBCheckHIDRequest                       text29       00138C
_USBCheckStdRequest                       text22       001766
_USBConfigureEndpoint                     text37       001DB2
_USBCtrlEPAllowDataStage                  text21       001D14
_USBCtrlEPAllowStatusStage                text40       001BA6
_USBCtrlEPService                         text18       001856
_USBCtrlEPServiceComplete                 text20       001676
_USBCtrlTrfInHandler                      text41       001C6A
_USBCtrlTrfOutHandler                     text38       002046
_USBCtrlTrfRxService                      text39       00127E
_USBCtrlTrfSetupHandler                   text19       001E50
_USBCtrlTrfTxService                      text42       001936
_USBDeferINDataStagePackets               bssCOMRAM    000041
_USBDeferOUTDataStagePackets              bssCOMRAM    000042
_USBDeferStatusStagePacket                bssCOMRAM    000043
_USBDeviceAttach                          text2        002198
_USBDeviceInit                            text1        000D48
_USBDeviceState                           bssBANK0     000078
_USBDeviceTasks                           text13       001148
_USBEnableEndpoint                        text36       0020A0
_USBInHandle                              bssBANK0     000070
_USBOutHandle                             bssBANK0     000072
_USBStallHandler                          text17       0020E8
_USBStatusStageEnabledFlag1               bssCOMRAM    000044
_USBStatusStageEnabledFlag2               bssCOMRAM    000045
_USBStatusStageTimeoutCounter             bssCOMRAM    000046
_USBStdFeatureReqHandler                  text27       0008E6
_USBStdGetDscHandler                      text26       00100A
_USBStdGetStatusHandler                   text25       001AE0
_USBStdSetCfgHandler                      text23       001584
_USBSuspend                               text16       002254
_USBTransferOnePacket                     text8        00148C
_USBWakeFromSuspend                       text15       0021FA
_USB_CD_Ptr                               smallconst   000807
_USB_SD_Ptr                               smallconst   000801
_USER_USB_CALLBACK_EVENT_HANDLER          text28       001F5E
_USTAT                                    (abs)        000F6C
_USTATcopy                                bssCOMRAM    00004C
__CFG_BOR$ON                              (abs)        000000
__CFG_BORV$3                              (abs)        000000
__CFG_CP0$OFF                             (abs)        000000
__CFG_CP1$OFF                             (abs)        000000
__CFG_CPB$OFF                             (abs)        000000
__CFG_CPUDIV$OSC1_PLL2                    (abs)        000000
__CFG_EBTR0$OFF                           (abs)        000000
__CFG_EBTR1$OFF                           (abs)        000000
__CFG_EBTRB$OFF                           (abs)        000000
__CFG_FCMEN$OFF                           (abs)        000000
__CFG_FOSC$XTPLL_XT                       (abs)        000000
__CFG_IESO$OFF                            (abs)        000000
__CFG_LPT1OSC$OFF                         (abs)        000000
__CFG_LVP$OFF                             (abs)        000000
__CFG_MCLRE$ON                            (abs)        000000
__CFG_PBADEN$OFF                          (abs)        000000
__CFG_PLLDIV$1                            (abs)        000000
__CFG_PWRT$OFF                            (abs)        000000
__CFG_STVREN$ON                           (abs)        000000
__CFG_USBDIV$2                            (abs)        000000
__CFG_VREGEN$ON                           (abs)        000000
__CFG_WDT$OFF                             (abs)        000000
__CFG_WDTPS$32768                         (abs)        000000
__CFG_WRT0$OFF                            (abs)        000000
__CFG_WRT1$OFF                            (abs)        000000
__CFG_WRTB$OFF                            (abs)        000000
__CFG_WRTC$OFF                            (abs)        000000
__CFG_XINST$OFF                           (abs)        000000
__HRAM                                    (abs)        000000
__Habs1                                   abs1         000000
__Hbank0                                  bank0        000000
__Hbank1                                  bank1        000000
__Hbank2                                  bank2        000000
__Hbank3                                  bank3        000000
__Hbank4                                  bank4        000000
__Hbank5                                  bank5        000000
__Hbank6                                  bank6        000000
__Hbank7                                  bank7        000000
__Hbigbss                                 bigbss       000000
__Hbigdata                                bigdata      000000
__Hbigram                                 bigram       000000
__Hbss                                    bss          000000
__HbssBANK0                               bssBANK0     000000
__HbssCOMRAM                              bssCOMRAM    000000
__Hcinit                                  cinit        000000
__Hclrtext                                clrtext      000000
__Hcomram                                 comram       000000
__Hconfig                                 config       30000E
__Hconst                                  const        000000
__HcstackBANK0                            cstackBANK0  000000
__HcstackCOMRAM                           cstackCOMRAM 000000
__Hdata                                   data         000000
__Heeprom_data                            eeprom_data  000000
__Hend_init                               end_init     0000A6
__Hfarbss                                 farbss       000000
__Hfardata                                fardata      000000
__Hibigdata                               ibigdata     000000
__Hidata                                  idata        000000
__Hidloc                                  idloc        200008
__Hifardata                               ifardata     000000
__Hinit                                   init         0000A2
__Hintcode                                intcode      000018
__Hintcode_body                           intcode_body 000000
__Hintcodelo                              intcodelo    0000A2
__Hintentry                               intentry     000000
__Hintret                                 intret       000000
__Hintsave_regs                           intsave_regs 000000
__Hirdata                                 irdata       000000
__Hmediumconst                            mediumconst  000000
__HnvFARRAM                               nvFARRAM     000000
__Hnvbit                                  nvbit        000000
__Hnvrram                                 nvrram       000000
__Hparam                                  rparam       000000
__Hpowerup                                powerup      0000A2
__Hram                                    ram          000000
__Hramtop                                 ramtop       000800
__Hrbit                                   rbit         000000
__Hrbss                                   rbss         000000
__Hrdata                                  rdata        000000
__Hreset_vec                              reset_vec    000004
__Hrparam                                 rparam       000000
__Hsfr                                    sfr          000000
__Hsmallconst                             smallconst   0008E6
__Hspace_0                                (abs)        30000E
__Hspace_1                                (abs)        00009D
__Hspace_2                                (abs)        000000
__Hstack                                  stack        000000
__Hstruct                                 struct       000000
__Htemp                                   temp         000000
__Htext                                   text         000000
__Htext0                                  text0        000000
__Htext1                                  text1        000000
__Htext10                                 text10       000000
__Htext13                                 text13       000000
__Htext14                                 text14       000000
__Htext15                                 text15       000000
__Htext16                                 text16       000000
__Htext17                                 text17       000000
__Htext18                                 text18       000000
__Htext19                                 text19       000000
__Htext2                                  text2        000000
__Htext20                                 text20       000000
__Htext21                                 text21       000000
__Htext22                                 text22       000000
__Htext23                                 text23       000000
__Htext24                                 text24       000000
__Htext25                                 text25       000000
__Htext26                                 text26       000000
__Htext27                                 text27       000000
__Htext28                                 text28       000000
__Htext29                                 text29       000000
__Htext3                                  text3        000000
__Htext30                                 text30       000000
__Htext31                                 text31       000000
__Htext32                                 text32       000000
__Htext33                                 text33       000000
__Htext34                                 text34       000000
__Htext35                                 text35       000000
__Htext36                                 text36       000000
__Htext37                                 text37       000000
__Htext38                                 text38       000000
__Htext39                                 text39       000000
__Htext4                                  text4        000000
__Htext40                                 text40       000000
__Htext41                                 text41       000000
__Htext42                                 text42       000000
__Htext5                                  text5        000000
__Htext6                                  text6        000000
__Htext7                                  text7        000000
__Htext8                                  text8        000000
__Htext9                                  text9        000000
__LRAM                                    (abs)        000001
__Labs1                                   abs1         000000
__Lbank0                                  bank0        000000
__Lbank1                                  bank1        000000
__Lbank2                                  bank2        000000
__Lbank3                                  bank3        000000
__Lbank4                                  bank4        000000
__Lbank5                                  bank5        000000
__Lbank6                                  bank6        000000
__Lbank7                                  bank7        000000
__Lbigbss                                 bigbss       000000
__Lbigdata                                bigdata      000000
__Lbigram                                 bigram       000000
__Lbss                                    bss          000000
__LbssBANK0                               bssBANK0     000000
__LbssCOMRAM                              bssCOMRAM    000000
__Lcinit                                  cinit        000000
__Lclrtext                                clrtext      000000
__Lcomram                                 comram       000000
__Lconfig                                 config       300000
__Lconst                                  const        000000
__LcstackBANK0                            cstackBANK0  000000
__LcstackCOMRAM                           cstackCOMRAM 000000
__Ldata                                   data         000000
__Leeprom_data                            eeprom_data  000000
__Lend_init                               end_init     0000A2
__Lfarbss                                 farbss       000000
__Lfardata                                fardata      000000
__Libigdata                               ibigdata     000000
__Lidata                                  idata        000000
__Lidloc                                  idloc        200000
__Lifardata                               ifardata     000000
__Linit                                   init         0000A2
__Lintcode                                intcode      000008
__Lintcode_body                           intcode_body 000000
__Lintcodelo                              intcodelo    000018
__Lintentry                               intentry     000000
__Lintret                                 intret       000000
__Lintsave_regs                           intsave_regs 000000
__Lirdata                                 irdata       000000
__Lmediumconst                            mediumconst  000000
__LnvFARRAM                               nvFARRAM     000000
__Lnvbit                                  nvbit        000000
__Lnvrram                                 nvrram       000000
__Lparam                                  rparam       000000
__Lpowerup                                powerup      0000A2
__Lram                                    ram          000000
__Lramtop                                 ramtop       000800
__Lrbit                                   rbit         000000
__Lrbss                                   rbss         000000
__Lrdata                                  rdata        000000
__Lreset_vec                              reset_vec    000000
__Lrparam                                 rparam       000000
__Lsfr                                    sfr          000000
__Lsmallconst                             smallconst   000800
__Lspace_0                                (abs)        000000
__Lspace_1                                (abs)        000000
__Lspace_2                                (abs)        000000
__Lstack                                  stack        000000
__Lstruct                                 struct       000000
__Ltemp                                   temp         000000
__Ltext                                   text         000000
__Ltext0                                  text0        000000
__Ltext1                                  text1        000000
__Ltext10                                 text10       000000
__Ltext13                                 text13       000000
__Ltext14                                 text14       000000
__Ltext15                                 text15       000000
__Ltext16                                 text16       000000
__Ltext17                                 text17       000000
__Ltext18                                 text18       000000
__Ltext19                                 text19       000000
__Ltext2                                  text2        000000
__Ltext20                                 text20       000000
__Ltext21                                 text21       000000
__Ltext22                                 text22       000000
__Ltext23                                 text23       000000
__Ltext24                                 text24       000000
__Ltext25                                 text25       000000
__Ltext26                                 text26       000000
__Ltext27                                 text27       000000
__Ltext28                                 text28       000000
__Ltext29                                 text29       000000
__Ltext3                                  text3        000000
__Ltext30                                 text30       000000
__Ltext31                                 text31       000000
__Ltext32                                 text32       000000
__Ltext33                                 text33       000000
__Ltext34                                 text34       000000
__Ltext35                                 text35       000000
__Ltext36                                 text36       000000
__Ltext37                                 text37       000000
__Ltext38                                 text38       000000
__Ltext39                                 text39       000000
__Ltext4                                  text4        000000
__Ltext40                                 text40       000000
__Ltext41                                 text41       000000
__Ltext42                                 text42       000000
__Ltext5                                  text5        000000
__Ltext6                                  text6        000000
__Ltext7                                  text7        000000
__Ltext8                                  text8        000000
__Ltext9                                  text9        000000
__S0                                      (abs)        30000E
__S1                                      (abs)        00009D
__S2                                      (abs)        000000
___inthi_sp                               stack        000000
___intlo_sp                               stack        000000
___sp                                     stack        000000
__accesstop                               (abs)        000060
__activetblptr                            (abs)        000002
__doTransmit                              bssBANK0     000079
__end_of_APP_CustomHIDInitialize          text34       002160
__end_of_APP_CustomHIDTasks               text6        000D48
__end_of_APP_USBCBErrorHandler            text33       0022EA
__end_of_APP_USBCBSuspend                 text32       0022E8
__end_of_APP_USBCBWakeFromSuspend         text31       0022E6
__end_of_APP_USBCB_SOF_Handler            text30       0022E4
__end_of_BusyADC                          text10       0022DE
__end_of_ConvertADC                       text9        0022E2
__end_of_OpenADC                          text5        001F5E
__end_of_SYSTEM_Initialize                text3        0021FA
__end_of_SYS_InterruptHigh                intcode_body 002046
__end_of_SYS_InterruptLow                 intcodelo    0000A2
__end_of_USBCheckHIDRequest               text29       00148C
__end_of_USBCheckStdRequest               text22       001856
__end_of_USBConfigureEndpoint             text37       001E50
__end_of_USBCtrlEPAllowDataStage          text21       001DB2
__end_of_USBCtrlEPAllowStatusStage        text40       001C6A
__end_of_USBCtrlEPService                 text18       001936
__end_of_USBCtrlEPServiceComplete         text20       001766
__end_of_USBCtrlTrfInHandler              text41       001D14
__end_of_USBCtrlTrfOutHandler             text38       0020A0
__end_of_USBCtrlTrfRxService              text39       00138C
__end_of_USBCtrlTrfSetupHandler           text19       001EE2
__end_of_USBCtrlTrfTxService              text42       001A16
__end_of_USBDeviceAttach                  text2        0021CA
__end_of_USBDeviceInit                    text1        000EBA
__end_of_USBDeviceTasks                   text13       00127E
__end_of_USBEnableEndpoint                text36       0020E8
__end_of_USBStallHandler                  text17       002126
__end_of_USBStdFeatureReqHandler          text27       000BA0
__end_of_USBStdGetDscHandler              text26       001148
__end_of_USBStdGetStatusHandler           text25       001BA6
__end_of_USBStdSetCfgHandler              text23       001676
__end_of_USBSuspend                       text16       00227C
__end_of_USBTransferOnePacket             text8        001584
__end_of_USBWakeFromSuspend               text15       002228
__end_of_USB_CD_Ptr                       smallconst   000809
__end_of_USB_SD_Ptr                       smallconst   000807
__end_of_USER_USB_CALLBACK_EVENT_HANDLER  text28       001FDA
__end_of__initialization                  cinit        002294
__end_of_configDescriptor1                smallconst   0008B2
__end_of_device_dsc                       smallconst   0008E1
__end_of_hid_rpt01                        smallconst   0008CF
__end_of_initADC                          text4        0022D2
__end_of_main                             text0        0022BE
__end_of_memset                           text7        002198
__end_of_sd000                            smallconst   0008E5
__end_of_sd001                            smallconst   000889
__end_of_sd002                            smallconst   000851
__end_ofi2_USBDeviceInit                  text14       00100A
__end_ofi2_USBTransferOnePacket           text35       001AE0
__end_ofi2_memset                         text24       002254
__initialization                          cinit        00227C
__mediumconst                             mediumconst  000000
__pbssBANK0                               bssBANK0     000060
__pbssCOMRAM                              bssCOMRAM    000034
__pcinit                                  cinit        00227C
__pcstackBANK0                            cstackBANK0  000080
__pcstackCOMRAM                           cstackCOMRAM 000001
__pintcode                                intcode      000008
__pintcode_body                           intcode_body 001FDA
__pintcodelo                              intcodelo    000018
__psmallconst                             smallconst   000800
__ptext0                                  text0        00229E
__ptext1                                  text1        000D48
__ptext10                                 text10       0022D2
__ptext13                                 text13       001148
__ptext14                                 text14       000EBA
__ptext15                                 text15       0021FA
__ptext16                                 text16       002254
__ptext17                                 text17       0020E8
__ptext18                                 text18       001856
__ptext19                                 text19       001E50
__ptext2                                  text2        002198
__ptext20                                 text20       001676
__ptext21                                 text21       001D14
__ptext22                                 text22       001766
__ptext23                                 text23       001584
__ptext24                                 text24       002228
__ptext25                                 text25       001AE0
__ptext26                                 text26       00100A
__ptext27                                 text27       0008E6
__ptext28                                 text28       001F5E
__ptext29                                 text29       00138C
__ptext3                                  text3        0021CA
__ptext30                                 text30       0022E2
__ptext31                                 text31       0022E4
__ptext32                                 text32       0022E6
__ptext33                                 text33       0022E8
__ptext34                                 text34       002126
__ptext35                                 text35       001A16
__ptext36                                 text36       0020A0
__ptext37                                 text37       001DB2
__ptext38                                 text38       002046
__ptext39                                 text39       00127E
__ptext4                                  text4        0022BE
__ptext40                                 text40       001BA6
__ptext41                                 text41       001C6A
__ptext42                                 text42       001936
__ptext5                                  text5        001EE2
__ptext6                                  text6        000BA0
__ptext7                                  text7        002160
__ptext8                                  text8        00148C
__ptext9                                  text9        0022DE
__ramtop                                  ramtop       000800
__size_of_APP_CustomHIDInitialize         (abs)        000000
__size_of_APP_CustomHIDTasks              (abs)        000000
__size_of_APP_USBCBErrorHandler           (abs)        000000
__size_of_APP_USBCBSuspend                (abs)        000000
__size_of_APP_USBCBWakeFromSuspend        (abs)        000000
__size_of_APP_USBCB_SOF_Handler           (abs)        000000
__size_of_BusyADC                         (abs)        000000
__size_of_ConvertADC                      (abs)        000000
__size_of_OpenADC                         (abs)        000000
__size_of_SYSTEM_Initialize               (abs)        000000
__size_of_SYS_InterruptHigh               (abs)        000000
__size_of_SYS_InterruptLow                (abs)        000000
__size_of_USBCheckHIDRequest              (abs)        000000
__size_of_USBCheckStdRequest              (abs)        000000
__size_of_USBConfigureEndpoint            (abs)        000000
__size_of_USBCtrlEPAllowDataStage         (abs)        000000
__size_of_USBCtrlEPAllowStatusStage       (abs)        000000
__size_of_USBCtrlEPService                (abs)        000000
__size_of_USBCtrlEPServiceComplete        (abs)        000000
__size_of_USBCtrlTrfInHandler             (abs)        000000
__size_of_USBCtrlTrfOutHandler            (abs)        000000
__size_of_USBCtrlTrfRxService             (abs)        000000
__size_of_USBCtrlTrfSetupHandler          (abs)        000000
__size_of_USBCtrlTrfTxService             (abs)        000000
__size_of_USBDeviceAttach                 (abs)        000000
__size_of_USBDeviceInit                   (abs)        000000
__size_of_USBDeviceTasks                  (abs)        000000
__size_of_USBEnableEndpoint               (abs)        000000
__size_of_USBStallHandler                 (abs)        000000
__size_of_USBStdFeatureReqHandler         (abs)        000000
__size_of_USBStdGetDscHandler             (abs)        000000
__size_of_USBStdGetStatusHandler          (abs)        000000
__size_of_USBStdSetCfgHandler             (abs)        000000
__size_of_USBSuspend                      (abs)        000000
__size_of_USBTransferOnePacket            (abs)        000000
__size_of_USBWakeFromSuspend              (abs)        000000
__size_of_USER_USB_CALLBACK_EVENT_HANDLER (abs)        000000
__size_of_initADC                         (abs)        000000
__size_of_main                            (abs)        000000
__size_of_memset                          (abs)        000000
__size_ofi2_USBDeviceInit                 (abs)        000000
__size_ofi2_USBTransferOnePacket          (abs)        000000
__size_ofi2_memset                        (abs)        000000
__smallconst                              smallconst   000800
_active_protocol                          bssCOMRAM    00004D
_configDescriptor1                        smallconst   000889
_controlTransferState                     bssCOMRAM    000047
_device_dsc                               smallconst   0008CF
_endpoint_number                          bssCOMRAM    000048
_ep_data_in                               bssBANK0     000074
_ep_data_out                              bssBANK0     000076
_hid_rpt01                                smallconst   0008B2
_idle_rate                                bssCOMRAM    00004E
_inPipes                                  bssBANK0     00007A
_initADC                                  text4        0022BE
_main                                     text0        00229E
_memset                                   text7        002160
_outPipes                                 bssBANK0     000060
_pBDTEntryEP0OutCurrent                   bssCOMRAM    000038
_pBDTEntryEP0OutNext                      bssCOMRAM    00003A
_pBDTEntryIn                              bssBANK0     000068
_pBDTEntryOut                             bssBANK0     00006C
_pDst                                     bssCOMRAM    00003C
_sd000                                    smallconst   0008E1
_sd001                                    smallconst   000851
_sd002                                    smallconst   000809
_shortPacketStatus                        bssCOMRAM    000049
end_of_initialization                     cinit        002294
i2USBDeviceInit@i                         cstackCOMRAM 00001A
i2USBTransferOnePacket@data               cstackCOMRAM 000013
i2USBTransferOnePacket@dir                cstackCOMRAM 000012
i2USBTransferOnePacket@ep                 cstackCOMRAM 000016
i2USBTransferOnePacket@handle             cstackCOMRAM 000017
i2USBTransferOnePacket@len                cstackCOMRAM 000015
i2_USBDeviceInit                          text14       000EBA
i2_USBTransferOnePacket                   text35       001A16
i2_memset                                 text24       002228
i2memset@c                                cstackCOMRAM 000014
i2memset@n                                cstackCOMRAM 000016
i2memset@p                                cstackCOMRAM 000018
i2memset@p1                               cstackCOMRAM 000012
int_func                                  intcode_body 001FDA
intlevel0                                 text         000000
intlevel1                                 text         000000
intlevel2                                 text         000000
intlevel3                                 text         000000
memset@c                                  cstackBANK0  000092
memset@n                                  cstackBANK0  000094
memset@p                                  cstackBANK0  000096
memset@p1                                 cstackBANK0  000090
stackhi                                   (abs)        0003FF
stacklo                                   (abs)        00009D
start                                     init         0000A2
start_initialization                      cinit        00227C


FUNCTION INFORMATION:

 *************** function _main *****************
 Defined at:
		line 50 in file "../src/main_hid.c"
 Parameters:    Size  Location     Type
		None
 Auto vars:     Size  Location     Type
		None
 Return value:  Size  Location     Type
		None               void
 Registers used:
		wreg, fsr2l, fsr2h, status,2, status,0, prodl, prodh, cstack
 Tracked objects:
		On entry : 
		On exit  : 
		Unchanged: 
 Data sizes:     COMRAM   BANK0   BANK1   BANK2   BANK3   BANK4   BANK5   BANK6   BANK7
      Params:         0       0       0       0       0       0       0       0       0
      Locals:         0       0       0       0       0       0       0       0       0
      Temps:          0       0       0       0       0       0       0       0       0
      Totals:         0       0       0       0       0       0       0       0       0
Total ram usage:        0 bytes
 Hardware stack levels required when called:   14
 This function calls:
		_APP_CustomHIDTasks
		_SYSTEM_Initialize
		_USBDeviceAttach
		_USBDeviceInit
 This function is called by:
		Startup code after reset
 This function uses a non-reentrant model


 *************** function _USBDeviceInit *****************
 Defined at:
		line 298 in file "../src/usb/src/usb_device.c"
 Parameters:    Size  Location     Type
		None
 Auto vars:     Size  Location     Type
  i               1   24[BANK0 ] unsigned char 
 Return value:  Size  Location     Type
		None               void
 Registers used:
		wreg, fsr2l, fsr2h, status,2, status,0, prodl, prodh, cstack
 Tracked objects:
		On entry : 
		On exit  : 
		Unchanged: 
 Data sizes:     COMRAM   BANK0   BANK1   BANK2   BANK3   BANK4   BANK5   BANK6   BANK7
      Params:         0       0       0       0       0       0       0       0       0
      Locals:         0       1       0       0       0       0       0       0       0
      Temps:          0       0       0       0       0       0       0       0       0
      Totals:         0       1       0       0       0       0       0       0       0
Total ram usage:        1 bytes
 Hardware stack levels used:    1
 Hardware stack levels required when called:   12
 This function calls:
		_memset
 This function is called by:
		_main
 This function uses a non-reentrant model


 *************** function _USBDeviceAttach *****************
 Defined at:
		line 1352 in file "../src/usb/src/usb_device.c"
 Parameters:    Size  Location     Type
		None
 Auto vars:     Size  Location     Type
		None
 Return value:  Size  Location     Type
		None               void
 Registers used:
		wreg, status,2
 Tracked objects:
		On entry : 
		On exit  : 
		Unchanged: 
 Data sizes:     COMRAM   BANK0   BANK1   BANK2   BANK3   BANK4   BANK5   BANK6   BANK7
      Params:         0       0       0       0       0       0       0       0       0
      Locals:         0       0       0       0       0       0       0       0       0
      Temps:          0       0       0       0       0       0       0       0       0
      Totals:         0       0       0       0       0       0       0       0       0
Total ram usage:        0 bytes
 Hardware stack levels used:    1
 Hardware stack levels required when called:   11
 This function calls:
		Nothing
 This function is called by:
		_main
 This function uses a non-reentrant model


 *************** function _SYSTEM_Initialize *****************
 Defined at:
		line 75 in file "../src/system.c"
 Parameters:    Size  Location     Type
  state           1    wreg     enum E5258
 Auto vars:     Size  Location     Type
  state           1   21[BANK0 ] enum E5258
 Return value:  Size  Location     Type
		None               void
 Registers used:
		wreg, status,2, status,0, cstack
 Tracked objects:
		On entry : 
		On exit  : 
		Unchanged: 
 Data sizes:     COMRAM   BANK0   BANK1   BANK2   BANK3   BANK4   BANK5   BANK6   BANK7
      Params:         0       0       0       0       0       0       0       0       0
      Locals:         0       1       0       0       0       0       0       0       0
      Temps:          0       0       0       0       0       0       0       0       0
      Totals:         0       1       0       0       0       0       0       0       0
Total ram usage:        1 bytes
 Hardware stack levels used:    1
 Hardware stack levels required when called:   13
 This function calls:
		_initADC
 This function is called by:
		_main
 This function uses a non-reentrant model


 *************** function _initADC *****************
 Defined at:
		line 47 in file "../config_18F2550.c"
 Parameters:    Size  Location     Type
		None
 Auto vars:     Size  Location     Type
		None
 Return value:  Size  Location     Type
		None               void
 Registers used:
		wreg, status,2, status,0, cstack
 Tracked objects:
		On entry : 
		On exit  : 
		Unchanged: 
 Data sizes:     COMRAM   BANK0   BANK1   BANK2   BANK3   BANK4   BANK5   BANK6   BANK7
      Params:         0       0       0       0       0       0       0       0       0
      Locals:         0       0       0       0       0       0       0       0       0
      Temps:          0       0       0       0       0       0       0       0       0
      Totals:         0       0       0       0       0       0       0       0       0
Total ram usage:        0 bytes
 Hardware stack levels used:    1
 Hardware stack levels required when called:   12
 This function calls:
		_OpenADC
 This function is called by:
		_SYSTEM_Initialize
 This function uses a non-reentrant model


 *************** function _OpenADC *****************
 Defined at:
		line 68 in file "C:\Program Files (x86)\Microchip\xc8\v1.33\sources\pic18\plib\ADC\adcopen.c"
 Parameters:    Size  Location     Type
  config          1    wreg     unsigned char 
  config2         1   16[BANK0 ] unsigned char 
  portconfig      1   17[BANK0 ] unsigned char 
 Auto vars:     Size  Location     Type
  config          1   20[BANK0 ] unsigned char 
 Return value:  Size  Location     Type
		None               void
 Registers used:
		wreg, status,2, status,0
 Tracked objects:
		On entry : 
		On exit  : 
		Unchanged: 
 Data sizes:     COMRAM   BANK0   BANK1   BANK2   BANK3   BANK4   BANK5   BANK6   BANK7
      Params:         0       2       0       0       0       0       0       0       0
      Locals:         0       1       0       0       0       0       0       0       0
      Temps:          0       2       0       0       0       0       0       0       0
      Totals:         0       5       0       0       0       0       0       0       0
Total ram usage:        5 bytes
 Hardware stack levels used:    1
 Hardware stack levels required when called:   11
 This function calls:
		Nothing
 This function is called by:
		_initADC
 This function uses a non-reentrant model


 *************** function _APP_CustomHIDTasks *****************
 Defined at:
		line 57 in file "../src/app_custom_hid.c"
 Parameters:    Size  Location     Type
		None
 Auto vars:     Size  Location     Type
		None
 Return value:  Size  Location     Type
		None               void
 Registers used:
		wreg, fsr2l, fsr2h, status,2, status,0, prodl, prodh, cstack
 Tracked objects:
		On entry : 
		On exit  : 
		Unchanged: 
 Data sizes:     COMRAM   BANK0   BANK1   BANK2   BANK3   BANK4   BANK5   BANK6   BANK7
      Params:         0       0       0       0       0       0       0       0       0
      Locals:         0       4       0       0       0       0       0       0       0
      Temps:          0       1       0       0       0       0       0       0       0
      Totals:         0       5       0       0       0       0       0       0       0
Total ram usage:        5 bytes
 Hardware stack levels used:    1
 Hardware stack levels required when called:   12
 This function calls:
		_BusyADC
		_ConvertADC
		_USBTransferOnePacket
		_memset
 This function is called by:
		_main
 This function uses a non-reentrant model


 *************** function _memset *****************
 Defined at:
		line 8 in file "C:\Program Files (x86)\Microchip\xc8\v1.33\sources\common\memset.c"
 Parameters:    Size  Location     Type
  p1              2   16[BANK0 ] PTR void 
		 -> USBAlternateInterface(1), BDT(32), UEP1(1), ToSendDataBuffer(64), 
  c               2   18[BANK0 ] int 
  n               2   20[BANK0 ] unsigned int 
 Auto vars:     Size  Location     Type
  p               2   22[BANK0 ] PTR unsigned char 
		 -> USBAlternateInterface(1), BDT(32), UEP1(1), ToSendDataBuffer(64), 
 Return value:  Size  Location     Type
                  2   16[BANK0 ] PTR void 
 Registers used:
		wreg, fsr2l, fsr2h, status,2, status,0
 Tracked objects:
		On entry : 
		On exit  : 
		Unchanged: 
 Data sizes:     COMRAM   BANK0   BANK1   BANK2   BANK3   BANK4   BANK5   BANK6   BANK7
      Params:         0       6       0       0       0       0       0       0       0
      Locals:         0       2       0       0       0       0       0       0       0
      Temps:          0       0       0       0       0       0       0       0       0
      Totals:         0       8       0       0       0       0       0       0       0
Total ram usage:        8 bytes
 Hardware stack levels used:    1
 Hardware stack levels required when called:   11
 This function calls:
		Nothing
 This function is called by:
		_APP_CustomHIDTasks
		_USBDeviceInit
 This function uses a non-reentrant model


 *************** function _USBTransferOnePacket *****************
 Defined at:
		line 995 in file "../src/usb/src/usb_device.c"
 Parameters:    Size  Location     Type
  ep              1    wreg     unsigned char 
  dir             1   16[BANK0 ] unsigned char 
  data            2   17[BANK0 ] PTR unsigned char 
		 -> ToSendDataBuffer(64), ReceivedDataBuffer(64), 
  len             1   19[BANK0 ] unsigned char 
 Auto vars:     Size  Location     Type
  ep              1   20[BANK0 ] unsigned char 
  handle          2   21[BANK0 ] PTR volatile struct __BD
		 -> BDT(32), NULL(0), 
 Return value:  Size  Location     Type
                  2   16[BANK0 ] PTR void 
 Registers used:
		wreg, fsr2l, fsr2h, status,2, status,0, prodl, prodh
 Tracked objects:
		On entry : 
		On exit  : 
		Unchanged: 
 Data sizes:     COMRAM   BANK0   BANK1   BANK2   BANK3   BANK4   BANK5   BANK6   BANK7
      Params:         0       4       0       0       0       0       0       0       0
      Locals:         0       3       0       0       0       0       0       0       0
      Temps:          0       0       0       0       0       0       0       0       0
      Totals:         0       7       0       0       0       0       0       0       0
Total ram usage:        7 bytes
 Hardware stack levels used:    1
 Hardware stack levels required when called:   11
 This function calls:
		Nothing
 This function is called by:
		_APP_CustomHIDTasks
 This function uses a non-reentrant model


 *************** function _ConvertADC *****************
 Defined at:
		line 22 in file "C:\Program Files (x86)\Microchip\xc8\v1.33\sources\pic18\plib\ADC\adcconv.c"
 Parameters:    Size  Location     Type
		None
 Auto vars:     Size  Location     Type
		None
 Return value:  Size  Location     Type
		None               void
 Registers used:
		None
 Tracked objects:
		On entry : 
		On exit  : 
		Unchanged: 
 Data sizes:     COMRAM   BANK0   BANK1   BANK2   BANK3   BANK4   BANK5   BANK6   BANK7
      Params:         0       0       0       0       0       0       0       0       0
      Locals:         0       0       0       0       0       0       0       0       0
      Temps:          0       0       0       0       0       0       0       0       0
      Totals:         0       0       0       0       0       0       0       0       0
Total ram usage:        0 bytes
 Hardware stack levels used:    1
 Hardware stack levels required when called:   11
 This function calls:
		Nothing
 This function is called by:
		_APP_CustomHIDTasks
 This function uses a non-reentrant model


 *************** function _BusyADC *****************
 Defined at:
		line 26 in file "C:\Program Files (x86)\Microchip\xc8\v1.33\sources\pic18\plib\ADC\adcbusy.c"
 Parameters:    Size  Location     Type
		None
 Auto vars:     Size  Location     Type
		None
 Return value:  Size  Location     Type
                  1    wreg      unsigned char 
 Registers used:
		wreg
 Tracked objects:
		On entry : 
		On exit  : 
		Unchanged: 
 Data sizes:     COMRAM   BANK0   BANK1   BANK2   BANK3   BANK4   BANK5   BANK6   BANK7
      Params:         0       0       0       0       0       0       0       0       0
      Locals:         0       0       0       0       0       0       0       0       0
      Temps:          0       0       0       0       0       0       0       0       0
      Totals:         0       0       0       0       0       0       0       0       0
Total ram usage:        0 bytes
 Hardware stack levels used:    1
 Hardware stack levels required when called:   11
 This function calls:
		Nothing
 This function is called by:
		_APP_CustomHIDTasks
 This function uses a non-reentrant model


 *************** function _SYS_InterruptLow *****************
 Defined at:
		line 51 in file "../src/system.c"
 Parameters:    Size  Location     Type
		None
 Auto vars:     Size  Location     Type
		None
 Return value:  Size  Location     Type
		None               void
 Registers used:
		None
 Tracked objects:
		On entry : 
		On exit  : 
		Unchanged: 
 Data sizes:     COMRAM   BANK0   BANK1   BANK2   BANK3   BANK4   BANK5   BANK6   BANK7
      Params:         0       0       0       0       0       0       0       0       0
      Locals:         0       0       0       0       0       0       0       0       0
      Temps:         17       0       0       0       0       0       0       0       0
      Totals:        17       0       0       0       0       0       0       0       0
Total ram usage:       17 bytes
 Hardware stack levels used:    1
 Hardware stack levels required when called:   10
 This function calls:
		Nothing
 This function is called by:
		Interrupt level 1
 This function uses a non-reentrant model


 *************** function _SYS_InterruptHigh *****************
 Defined at:
		line 42 in file "../src/system.c"
 Parameters:    Size  Location     Type
		None
 Auto vars:     Size  Location     Type
		None
 Return value:  Size  Location     Type
		None               void
 Registers used:
		wreg, fsr1l, fsr1h, fsr2l, fsr2h, status,2, status,0, tblptrl, tblptrh, tblptru, prodl, prodh, cstack
 Tracked objects:
		On entry : 
		On exit  : 
		Unchanged: 
 Data sizes:     COMRAM   BANK0   BANK1   BANK2   BANK3   BANK4   BANK5   BANK6   BANK7
      Params:         0       0       0       0       0       0       0       0       0
      Locals:         0       0       0       0       0       0       0       0       0
      Temps:          0      14       0       0       0       0       0       0       0
      Totals:         0      14       0       0       0       0       0       0       0
Total ram usage:       14 bytes
 Hardware stack levels used:    1
 Hardware stack levels required when called:    9
 This function calls:
		_USBDeviceTasks
 This function is called by:
		Interrupt level 2
 This function uses a non-reentrant model


 *************** function _USBDeviceTasks *****************
 Defined at:
		line 489 in file "../src/usb/src/usb_device.c"
 Parameters:    Size  Location     Type
		None
 Auto vars:     Size  Location     Type
  i               1    1[BANK0 ] unsigned char 
 Return value:  Size  Location     Type
		None               void
 Registers used:
		wreg, fsr1l, fsr1h, fsr2l, fsr2h, status,2, status,0, tblptrl, tblptrh, tblptru, prodl, prodh, cstack
 Tracked objects:
		On entry : 
		On exit  : 
		Unchanged: 
 Data sizes:     COMRAM   BANK0   BANK1   BANK2   BANK3   BANK4   BANK5   BANK6   BANK7
      Params:         0       0       0       0       0       0       0       0       0
      Locals:         0       1       0       0       0       0       0       0       0
      Temps:          0       0       0       0       0       0       0       0       0
      Totals:         0       1       0       0       0       0       0       0       0
Total ram usage:        1 bytes
 Hardware stack levels used:    1
 Hardware stack levels required when called:    8
 This function calls:
		_USBCtrlEPAllowStatusStage
		_USBCtrlEPService
		_USBStallHandler
		_USBSuspend
		_USBWakeFromSuspend
		_USER_USB_CALLBACK_EVENT_HANDLER
		i2_USBDeviceInit
 This function is called by:
		_SYS_InterruptHigh
 This function uses a non-reentrant model


 *************** function i2_USBDeviceInit *****************
 Defined at:
		line 298 in file "../src/usb/src/usb_device.c"
 Parameters:    Size  Location     Type
		None
 Auto vars:     Size  Location     Type
  USBDeviceIni    1   25[COMRAM] unsigned char 
 Return value:  Size  Location     Type
		None               void
 Registers used:
		wreg, fsr2l, fsr2h, status,2, status,0, prodl, prodh, cstack
 Tracked objects:
		On entry : 
		On exit  : 
		Unchanged: 
 Data sizes:     COMRAM   BANK0   BANK1   BANK2   BANK3   BANK4   BANK5   BANK6   BANK7
      Params:         0       0       0       0       0       0       0       0       0
      Locals:         1       0       0       0       0       0       0       0       0
      Temps:          0       0       0       0       0       0       0       0       0
      Totals:         1       0       0       0       0       0       0       0       0
Total ram usage:        1 bytes
 Hardware stack levels used:    1
 Hardware stack levels required when called:    1
 This function calls:
		i2_memset
 This function is called by:
		_USBDeviceTasks
 This function uses a non-reentrant model


 *************** function _USBWakeFromSuspend *****************
 Defined at:
		line 2302 in file "../src/usb/src/usb_device.c"
 Parameters:    Size  Location     Type
		None
 Auto vars:     Size  Location     Type
		None
 Return value:  Size  Location     Type
		None               void
 Registers used:
		wreg, fsr2l, fsr2h, status,2, status,0, prodl, prodh, cstack
 Tracked objects:
		On entry : 
		On exit  : 
		Unchanged: 
 Data sizes:     COMRAM   BANK0   BANK1   BANK2   BANK3   BANK4   BANK5   BANK6   BANK7
      Params:         0       0       0       0       0       0       0       0       0
      Locals:         0       0       0       0       0       0       0       0       0
      Temps:          0       0       0       0       0       0       0       0       0
      Totals:         0       0       0       0       0       0       0       0       0
Total ram usage:        0 bytes
 Hardware stack levels used:    1
 Hardware stack levels required when called:    4
 This function calls:
		_USER_USB_CALLBACK_EVENT_HANDLER
 This function is called by:
		_USBDeviceTasks
 This function uses a non-reentrant model


 *************** function _USBSuspend *****************
 Defined at:
		line 2245 in file "../src/usb/src/usb_device.c"
 Parameters:    Size  Location     Type
		None
 Auto vars:     Size  Location     Type
		None
 Return value:  Size  Location     Type
		None               void
 Registers used:
		wreg, fsr2l, fsr2h, status,2, status,0, prodl, prodh, cstack
 Tracked objects:
		On entry : 
		On exit  : 
		Unchanged: 
 Data sizes:     COMRAM   BANK0   BANK1   BANK2   BANK3   BANK4   BANK5   BANK6   BANK7
      Params:         0       0       0       0       0       0       0       0       0
      Locals:         0       0       0       0       0       0       0       0       0
      Temps:          0       0       0       0       0       0       0       0       0
      Totals:         0       0       0       0       0       0       0       0       0
Total ram usage:        0 bytes
 Hardware stack levels used:    1
 Hardware stack levels required when called:    4
 This function calls:
		_USER_USB_CALLBACK_EVENT_HANDLER
 This function is called by:
		_USBDeviceTasks
 This function uses a non-reentrant model


 *************** function _USBStallHandler *****************
 Defined at:
		line 2202 in file "../src/usb/src/usb_device.c"
 Parameters:    Size  Location     Type
		None
 Auto vars:     Size  Location     Type
		None
 Return value:  Size  Location     Type
		None               void
 Registers used:
		wreg, fsr2l, fsr2h, status,2, status,0
 Tracked objects:
		On entry : 
		On exit  : 
		Unchanged: 
 Data sizes:     COMRAM   BANK0   BANK1   BANK2   BANK3   BANK4   BANK5   BANK6   BANK7
      Params:         0       0       0       0       0       0       0       0       0
      Locals:         0       0       0       0       0       0       0       0       0
      Temps:          0       0       0       0       0       0       0       0       0
      Totals:         0       0       0       0       0       0       0       0       0
Total ram usage:        0 bytes
 Hardware stack levels used:    1
 This function calls:
		Nothing
 This function is called by:
		_USBDeviceTasks
 This function uses a non-reentrant model


 *************** function _USBCtrlEPService *****************
 Defined at:
		line 2369 in file "../src/usb/src/usb_device.c"
 Parameters:    Size  Location     Type
		None
 Auto vars:     Size  Location     Type
  setup_cnt       1    0[BANK0 ] unsigned char 
 Return value:  Size  Location     Type
		None               void
 Registers used:
		wreg, fsr1l, fsr1h, fsr2l, fsr2h, status,2, status,0, tblptrl, tblptrh, tblptru, prodl, prodh, cstack
 Tracked objects:
		On entry : 
		On exit  : 
		Unchanged: 
 Data sizes:     COMRAM   BANK0   BANK1   BANK2   BANK3   BANK4   BANK5   BANK6   BANK7
      Params:         0       0       0       0       0       0       0       0       0
      Locals:         0       1       0       0       0       0       0       0       0
      Temps:          2       0       0       0       0       0       0       0       0
      Totals:         2       1       0       0       0       0       0       0       0
Total ram usage:        3 bytes
 Hardware stack levels used:    1
 Hardware stack levels required when called:    7
 This function calls:
		_USBCtrlTrfInHandler
		_USBCtrlTrfOutHandler
		_USBCtrlTrfSetupHandler
 This function is called by:
		_USBDeviceTasks
 This function uses a non-reentrant model


 *************** function _USBCtrlTrfSetupHandler *****************
 Defined at:
		line 2469 in file "../src/usb/src/usb_device.c"
 Parameters:    Size  Location     Type
		None
 Auto vars:     Size  Location     Type
		None
 Return value:  Size  Location     Type
		None               void
 Registers used:
		wreg, fsr1l, fsr1h, fsr2l, fsr2h, status,2, status,0, tblptrl, tblptrh, tblptru, prodl, prodh, cstack
 Tracked objects:
		On entry : 
		On exit  : 
		Unchanged: 
 Data sizes:     COMRAM   BANK0   BANK1   BANK2   BANK3   BANK4   BANK5   BANK6   BANK7
      Params:         0       0       0       0       0       0       0       0       0
      Locals:         0       0       0       0       0       0       0       0       0
      Temps:          0       0       0       0       0       0       0       0       0
      Totals:         0       0       0       0       0       0       0       0       0
Total ram usage:        0 bytes
 Hardware stack levels used:    1
 Hardware stack levels required when called:    6
 This function calls:
		_USBCheckStdRequest
		_USBCtrlEPServiceComplete
		_USER_USB_CALLBACK_EVENT_HANDLER
 This function is called by:
		_USBCtrlEPService
 This function uses a non-reentrant model


 *************** function _USBCtrlEPServiceComplete *****************
 Defined at:
		line 1616 in file "../src/usb/src/usb_device.c"
 Parameters:    Size  Location     Type
		None
 Auto vars:     Size  Location     Type
		None
 Return value:  Size  Location     Type
		None               void
 Registers used:
		wreg, fsr1l, fsr1h, fsr2l, fsr2h, status,2, status,0, tblptrl, tblptrh, tblptru, cstack
 Tracked objects:
		On entry : 
		On exit  : 
		Unchanged: 
 Data sizes:     COMRAM   BANK0   BANK1   BANK2   BANK3   BANK4   BANK5   BANK6   BANK7
      Params:         0       0       0       0       0       0       0       0       0
      Locals:         0       0       0       0       0       0       0       0       0
      Temps:          0       0       0       0       0       0       0       0       0
      Totals:         0       0       0       0       0       0       0       0       0
Total ram usage:        0 bytes
 Hardware stack levels used:    1
 Hardware stack levels required when called:    2
 This function calls:
		_USBCtrlEPAllowDataStage
		_USBCtrlEPAllowStatusStage
 This function is called by:
		_USBCtrlTrfSetupHandler
 This function uses a non-reentrant model


 *************** function _USBCtrlEPAllowDataStage *****************
 Defined at:
		line 1488 in file "../src/usb/src/usb_device.c"
 Parameters:    Size  Location     Type
		None
 Auto vars:     Size  Location     Type
		None
 Return value:  Size  Location     Type
		None               void
 Registers used:
		wreg, fsr1l, fsr1h, fsr2l, fsr2h, status,2, status,0, tblptrl, tblptrh, tblptru, cstack
 Tracked objects:
		On entry : 
		On exit  : 
		Unchanged: 
 Data sizes:     COMRAM   BANK0   BANK1   BANK2   BANK3   BANK4   BANK5   BANK6   BANK7
      Params:         0       0       0       0       0       0       0       0       0
      Locals:         0       0       0       0       0       0       0       0       0
      Temps:          0       0       0       0       0       0       0       0       0
      Totals:         0       0       0       0       0       0       0       0       0
Total ram usage:        0 bytes
 Hardware stack levels used:    1
 Hardware stack levels required when called:    1
 This function calls:
		_USBCtrlTrfTxService
 This function is called by:
		_USBCtrlEPServiceComplete
 This function uses a non-reentrant model


 *************** function _USBCheckStdRequest *****************
 Defined at:
		line 2689 in file "../src/usb/src/usb_device.c"
 Parameters:    Size  Location     Type
		None
 Auto vars:     Size  Location     Type
		None
 Return value:  Size  Location     Type
		None               void
 Registers used:
		wreg, fsr1l, fsr1h, fsr2l, fsr2h, status,2, status,0, tblptrl, tblptrh, tblptru, prodl, prodh, cstack
 Tracked objects:
		On entry : 
		On exit  : 
		Unchanged: 
 Data sizes:     COMRAM   BANK0   BANK1   BANK2   BANK3   BANK4   BANK5   BANK6   BANK7
      Params:         0       0       0       0       0       0       0       0       0
      Locals:         0       0       0       0       0       0       0       0       0
      Temps:          2       0       0       0       0       0       0       0       0
      Totals:         2       0       0       0       0       0       0       0       0
Total ram usage:        2 bytes
 Hardware stack levels used:    1
 Hardware stack levels required when called:    5
 This function calls:
		_USBStdFeatureReqHandler
		_USBStdGetDscHandler
		_USBStdGetStatusHandler
		_USBStdSetCfgHandler
		_USER_USB_CALLBACK_EVENT_HANDLER
 This function is called by:
		_USBCtrlTrfSetupHandler
 This function uses a non-reentrant model


 *************** function _USBStdSetCfgHandler *****************
 Defined at:
		line 1968 in file "../src/usb/src/usb_device.c"
 Parameters:    Size  Location     Type
		None
 Auto vars:     Size  Location     Type
  i               1   39[COMRAM] unsigned char 
 Return value:  Size  Location     Type
		None               void
 Registers used:
		wreg, fsr2l, fsr2h, status,2, status,0, prodl, prodh, cstack
 Tracked objects:
		On entry : 
		On exit  : 
		Unchanged: 
 Data sizes:     COMRAM   BANK0   BANK1   BANK2   BANK3   BANK4   BANK5   BANK6   BANK7
      Params:         0       0       0       0       0       0       0       0       0
      Locals:         1       0       0       0       0       0       0       0       0
      Temps:          0       0       0       0       0       0       0       0       0
      Totals:         1       0       0       0       0       0       0       0       0
Total ram usage:        1 bytes
 Hardware stack levels used:    1
 Hardware stack levels required when called:    4
 This function calls:
		_USER_USB_CALLBACK_EVENT_HANDLER
		i2_memset
 This function is called by:
		_USBCheckStdRequest
 This function uses a non-reentrant model


 *************** function i2_memset *****************
 Defined at:
		line 8 in file "C:\Program Files (x86)\Microchip\xc8\v1.33\sources\common\memset.c"
 Parameters:    Size  Location     Type
  p1              2   17[COMRAM] PTR void 
		 -> USBAlternateInterface(1), BDT(32), UEP1(1), ToSendDataBuffer(64), 
  c               2   19[COMRAM] int 
  n               2   21[COMRAM] unsigned int 
 Auto vars:     Size  Location     Type
  memset          2   23[COMRAM] PTR unsigned char 
		 -> USBAlternateInterface(1), BDT(32), UEP1(1), ToSendDataBuffer(64), 
 Return value:  Size  Location     Type
                  2   17[COMRAM] PTR void 
 Registers used:
		wreg, fsr2l, fsr2h, status,2, status,0
 Tracked objects:
		On entry : 
		On exit  : 
		Unchanged: 
 Data sizes:     COMRAM   BANK0   BANK1   BANK2   BANK3   BANK4   BANK5   BANK6   BANK7
      Params:         6       0       0       0       0       0       0       0       0
      Locals:         2       0       0       0       0       0       0       0       0
      Temps:          0       0       0       0       0       0       0       0       0
      Totals:         8       0       0       0       0       0       0       0       0
Total ram usage:        8 bytes
 Hardware stack levels used:    1
 This function calls:
		Nothing
 This function is called by:
		_USBStdSetCfgHandler
		i2_USBDeviceInit
 This function uses a non-reentrant model


 *************** function _USBStdGetStatusHandler *****************
 Defined at:
		line 2129 in file "../src/usb/src/usb_device.c"
[...]
		_USBStdSetCfgHandler
		_USBSuspend
		_USBWakeFromSuspend
		_USBCtrlTrfSetupHandler
		_USBCheckStdRequest
		_USBStdFeatureReqHandler
 This function uses a non-reentrant model


 *************** function _USBCheckHIDRequest *****************
 Defined at:
		line 157 in file "../src/usb/src/usb_device_hid.c"
 Parameters:    Size  Location     Type
		None
 Auto vars:     Size  Location     Type
		None
 Return value:  Size  Location     Type
		None               void
 Registers used:
		wreg, status,2, status,0
 Tracked objects:
		On entry : 
		On exit  : 
		Unchanged: 
 Data sizes:     COMRAM   BANK0   BANK1   BANK2   BANK3   BANK4   BANK5   BANK6   BANK7
      Params:         0       0       0       0       0       0       0       0       0
      Locals:         0       0       0       0       0       0       0       0       0
      Temps:          1       0       0       0       0       0       0       0       0
      Totals:         1       0       0       0       0       0       0       0       0
Total ram usage:        1 bytes
 Hardware stack levels used:    1
 This function calls:
		Nothing
 This function is called by:
		_USER_USB_CALLBACK_EVENT_HANDLER
		_APP_USBCBCheckOtherReq
 This function uses a non-reentrant model


 *************** function _APP_USBCB_SOF_Handler *****************
 Defined at:
		line 261 in file "../src/app_custom_hid.c"
 Parameters:    Size  Location     Type
		None
 Auto vars:     Size  Location     Type
		None
 Return value:  Size  Location     Type
		None               void
 Registers used:
		None
 Tracked objects:
		On entry : 
		On exit  : 
		Unchanged: 
 Data sizes:     COMRAM   BANK0   BANK1   BANK2   BANK3   BANK4   BANK5   BANK6   BANK7
      Params:         0       0       0       0       0       0       0       0       0
      Locals:         0       0       0       0       0       0       0       0       0
      Temps:          0       0       0       0       0       0       0       0       0
      Totals:         0       0       0       0       0       0       0       0       0
Total ram usage:        0 bytes
 Hardware stack levels used:    1
 This function calls:
		Nothing
 This function is called by:
		_USER_USB_CALLBACK_EVENT_HANDLER
 This function uses a non-reentrant model


 *************** function _APP_USBCBWakeFromSuspend *****************
 Defined at:
		line 229 in file "../src/app_custom_hid.c"
 Parameters:    Size  Location     Type
		None
 Auto vars:     Size  Location     Type
		None
 Return value:  Size  Location     Type
		None               void
 Registers used:
		None
 Tracked objects:
		On entry : 
		On exit  : 
		Unchanged: 
 Data sizes:     COMRAM   BANK0   BANK1   BANK2   BANK3   BANK4   BANK5   BANK6   BANK7
      Params:         0       0       0       0       0       0       0       0       0
      Locals:         0       0       0       0       0       0       0       0       0
      Temps:          0       0       0       0       0       0       0       0       0
      Totals:         0       0       0       0       0       0       0       0       0
Total ram usage:        0 bytes
 Hardware stack levels used:    1
 This function calls:
		Nothing
 This function is called by:
		_USER_USB_CALLBACK_EVENT_HANDLER
		_USBCBSendResume
 This function uses a non-reentrant model


 *************** function _APP_USBCBSuspend *****************
 Defined at:
		line 187 in file "../src/app_custom_hid.c"
 Parameters:    Size  Location     Type
		None
 Auto vars:     Size  Location     Type
		None
 Return value:  Size  Location     Type
		None               void
 Registers used:
		None
 Tracked objects:
		On entry : 
		On exit  : 
		Unchanged: 
 Data sizes:     COMRAM   BANK0   BANK1   BANK2   BANK3   BANK4   BANK5   BANK6   BANK7
      Params:         0       0       0       0       0       0       0       0       0
      Locals:         0       0       0       0       0       0       0       0       0
      Temps:          0       0       0       0       0       0       0       0       0
      Totals:         0       0       0       0       0       0       0       0       0
Total ram usage:        0 bytes
 Hardware stack levels used:    1
 This function calls:
		Nothing
 This function is called by:
		_USER_USB_CALLBACK_EVENT_HANDLER
 This function uses a non-reentrant model


 *************** function _APP_USBCBErrorHandler *****************
 Defined at:
		line 284 in file "../src/app_custom_hid.c"
 Parameters:    Size  Location     Type
		None
 Auto vars:     Size  Location     Type
		None
 Return value:  Size  Location     Type
		None               void
 Registers used:
		None
 Tracked objects:
		On entry : 
		On exit  : 
		Unchanged: 
 Data sizes:     COMRAM   BANK0   BANK1   BANK2   BANK3   BANK4   BANK5   BANK6   BANK7
      Params:         0       0       0       0       0       0       0       0       0
      Locals:         0       0       0       0       0       0       0       0       0
      Temps:          0       0       0       0       0       0       0       0       0
      Totals:         0       0       0       0       0       0       0       0       0
Total ram usage:        0 bytes
 Hardware stack levels used:    1
 This function calls:
		Nothing
 This function is called by:
		_USER_USB_CALLBACK_EVENT_HANDLER
 This function uses a non-reentrant model


 *************** function _APP_CustomHIDInitialize *****************
 Defined at:
		line 42 in file "../src/app_custom_hid.c"
 Parameters:    Size  Location     Type
		None
 Auto vars:     Size  Location     Type
		None
 Return value:  Size  Location     Type
		None               void
 Registers used:
		wreg, fsr2l, fsr2h, status,2, status,0, prodl, prodh, cstack
 Tracked objects:
		On entry : 
		On exit  : 
		Unchanged: 
 Data sizes:     COMRAM   BANK0   BANK1   BANK2   BANK3   BANK4   BANK5   BANK6   BANK7
      Params:         0       0       0       0       0       0       0       0       0
      Locals:         0       0       0       0       0       0       0       0       0
      Temps:          0       0       0       0       0       0       0       0       0
      Totals:         0       0       0       0       0       0       0       0       0
Total ram usage:        0 bytes
 Hardware stack levels used:    1
 Hardware stack levels required when called:    2
 This function calls:
		_USBEnableEndpoint
		i2_USBTransferOnePacket
 This function is called by:
		_USER_USB_CALLBACK_EVENT_HANDLER
 This function uses a non-reentrant model


 *************** function i2_USBTransferOnePacket *****************
 Defined at:
		line 995 in file "../src/usb/src/usb_device.c"
 Parameters:    Size  Location     Type
  ep              1    wreg     unsigned char 
  dir             1   17[COMRAM] unsigned char 
  data            2   18[COMRAM] PTR unsigned char 
		 -> ToSendDataBuffer(64), ReceivedDataBuffer(64), 
  len             1   20[COMRAM] unsigned char 
 Auto vars:     Size  Location     Type
  ep              1   21[COMRAM] unsigned char 
  USBTransferO    2   22[COMRAM] PTR volatile struct __BD
		 -> BDT(32), NULL(0), 
 Return value:  Size  Location     Type
                  2   17[COMRAM] PTR void 
 Registers used:
		wreg, fsr2l, fsr2h, status,2, status,0, prodl, prodh
 Tracked objects:
		On entry : 
		On exit  : 
		Unchanged: 
 Data sizes:     COMRAM   BANK0   BANK1   BANK2   BANK3   BANK4   BANK5   BANK6   BANK7
      Params:         4       0       0       0       0       0       0       0       0
      Locals:         3       0       0       0       0       0       0       0       0
      Temps:          0       0       0       0       0       0       0       0       0
      Totals:         7       0       0       0       0       0       0       0       0
Total ram usage:        7 bytes
 Hardware stack levels used:    1
 This function calls:
		Nothing
 This function is called by:
		_APP_CustomHIDInitialize
 This function uses a non-reentrant model


 *************** function _USBEnableEndpoint *****************
 Defined at:
		line 878 in file "../src/usb/src/usb_device.c"
 Parameters:    Size  Location     Type
  ep              1    wreg     unsigned char 
  options         1   25[COMRAM] unsigned char 
 Auto vars:     Size  Location     Type
  ep              1   30[COMRAM] unsigned char 
  p               2   28[COMRAM] PTR unsigned char 
		 -> UEP0(1), 
 Return value:  Size  Location     Type
		None               void
 Registers used:
		wreg, fsr2l, fsr2h, status,2, status,0, prodl, prodh, cstack
 Tracked objects:
		On entry : 
		On exit  : 
		Unchanged: 
 Data sizes:     COMRAM   BANK0   BANK1   BANK2   BANK3   BANK4   BANK5   BANK6   BANK7
      Params:         1       0       0       0       0       0       0       0       0
      Locals:         3       0       0       0       0       0       0       0       0
      Temps:          2       0       0       0       0       0       0       0       0
      Totals:         6       0       0       0       0       0       0       0       0
Total ram usage:        6 bytes
 Hardware stack levels used:    1
 Hardware stack levels required when called:    1
 This function calls:
		_USBConfigureEndpoint
 This function is called by:
		_APP_CustomHIDInitialize
 This function uses a non-reentrant model


 *************** function _USBConfigureEndpoint *****************
 Defined at:
		line 1543 in file "../src/usb/src/usb_device.c"
 Parameters:    Size  Location     Type
  EPNum           1    wreg     unsigned char 
  direction       1   17[COMRAM] unsigned char 
 Auto vars:     Size  Location     Type
  EPNum           1   22[COMRAM] unsigned char 
  handle          2   23[COMRAM] PTR volatile struct __BD
		 -> BDT(32), 
 Return value:  Size  Location     Type
		None               void
 Registers used:
		wreg, fsr2l, fsr2h, status,2, status,0, prodl, prodh
 Tracked objects:
		On entry : 
		On exit  : 
		Unchanged: 
 Data sizes:     COMRAM   BANK0   BANK1   BANK2   BANK3   BANK4   BANK5   BANK6   BANK7
      Params:         1       0       0       0       0       0       0       0       0
      Locals:         3       0       0       0       0       0       0       0       0
      Temps:          4       0       0       0       0       0       0       0       0
      Totals:         8       0       0       0       0       0       0       0       0
Total ram usage:        8 bytes
 Hardware stack levels used:    1
 This function calls:
		Nothing
 This function is called by:
		_USBEnableEndpoint
 This function uses a non-reentrant model


 *************** function _USBCtrlTrfOutHandler *****************
 Defined at:
		line 2541 in file "../src/usb/src/usb_device.c"
 Parameters:    Size  Location     Type
		None
 Auto vars:     Size  Location     Type
		None
 Return value:  Size  Location     Type
		None               void
 Registers used:
		wreg, fsr1l, fsr1h, fsr2l, fsr2h, status,2, status,0, prodl, prodh, cstack
 Tracked objects:
		On entry : 
		On exit  : 
		Unchanged: 
 Data sizes:     COMRAM   BANK0   BANK1   BANK2   BANK3   BANK4   BANK5   BANK6   BANK7
      Params:         0       0       0       0       0       0       0       0       0
      Locals:         0       0       0       0       0       0       0       0       0
      Temps:          0       0       0       0       0       0       0       0       0
      Totals:         0       0       0       0       0       0       0       0       0
Total ram usage:        0 bytes
 Hardware stack levels used:    1
 Hardware stack levels required when called:    2
 This function calls:
		_USBCtrlTrfRxService
 This function is called by:
		_USBCtrlEPService
 This function uses a non-reentrant model


 *************** function _USBCtrlTrfRxService *****************
 Defined at:
		line 1852 in file "../src/usb/src/usb_device.c"
 Parameters:    Size  Location     Type
		None
 Auto vars:     Size  Location     Type
  byteToRead      1   18[COMRAM] unsigned char 
  i               1   17[COMRAM] unsigned char 
 Return value:  Size  Location     Type
		None               void
 Registers used:
		wreg, fsr1l, fsr1h, fsr2l, fsr2h, status,2, status,0, prodl, prodh, cstack
 Tracked objects:
		On entry : 
		On exit  : 
		Unchanged: 
 Data sizes:     COMRAM   BANK0   BANK1   BANK2   BANK3   BANK4   BANK5   BANK6   BANK7
      Params:         0       0       0       0       0       0       0       0       0
      Locals:         2       0       0       0       0       0       0       0       0
      Temps:          0       0       0       0       0       0       0       0       0
      Totals:         2       0       0       0       0       0       0       0       0
Total ram usage:        2 bytes
 Hardware stack levels used:    1
 Hardware stack levels required when called:    1
 This function calls:
		_USBCtrlEPAllowStatusStage
 This function is called by:
		_USBCtrlTrfOutHandler
 This function uses a non-reentrant model


 *************** function _USBCtrlEPAllowStatusStage *****************
 Defined at:
		line 1416 in file "../src/usb/src/usb_device.c"
 Parameters:    Size  Location     Type
		None
 Auto vars:     Size  Location     Type
		None
 Return value:  Size  Location     Type
		None               void
 Registers used:
		wreg, fsr2l, fsr2h, status,2, status,0
 Tracked objects:
		On entry : 
		On exit  : 
		Unchanged: 
 Data sizes:     COMRAM   BANK0   BANK1   BANK2   BANK3   BANK4   BANK5   BANK6   BANK7
      Params:         0       0       0       0       0       0       0       0       0
      Locals:         0       0       0       0       0       0       0       0       0
      Temps:          0       0       0       0       0       0       0       0       0
      Totals:         0       0       0       0       0       0       0       0       0
Total ram usage:        0 bytes
 Hardware stack levels used:    1
 This function calls:
		Nothing
 This function is called by:
		_USBDeviceTasks
		_USBCtrlEPServiceComplete
		_USBCtrlTrfRxService
 This function uses a non-reentrant model


 *************** function _USBCtrlTrfInHandler *****************
 Defined at:
		line 2595 in file "../src/usb/src/usb_device.c"
 Parameters:    Size  Location     Type
		None
 Auto vars:     Size  Location     Type
  lastDTS         1   18[COMRAM] unsigned char 
 Return value:  Size  Location     Type
		None               void
 Registers used:
		wreg, fsr1l, fsr1h, fsr2l, fsr2h, status,2, status,0, tblptrl, tblptrh, tblptru, cstack
 Tracked objects:
		On entry : 
		On exit  : 
		Unchanged: 
 Data sizes:     COMRAM   BANK0   BANK1   BANK2   BANK3   BANK4   BANK5   BANK6   BANK7
      Params:         0       0       0       0       0       0       0       0       0
      Locals:         1       0       0       0       0       0       0       0       0
      Temps:          0       0       0       0       0       0       0       0       0
      Totals:         1       0       0       0       0       0       0       0       0
Total ram usage:        1 bytes
 Hardware stack levels used:    1
 Hardware stack levels required when called:    1
 This function calls:
		_USBCtrlTrfTxService
 This function is called by:
		_USBCtrlEPService
 This function uses a non-reentrant model


 *************** function _USBCtrlTrfTxService *****************
 Defined at:
		line 1771 in file "../src/usb/src/usb_device.c"
 Parameters:    Size  Location     Type
		None
 Auto vars:     Size  Location     Type
  byteToSend      1   17[COMRAM] unsigned char 
 Return value:  Size  Location     Type
		None               void
 Registers used:
		wreg, fsr1l, fsr1h, fsr2l, fsr2h, status,2, status,0, tblptrl, tblptrh, tblptru
 Tracked objects:
		On entry : 
		On exit  : 
		Unchanged: 
 Data sizes:     COMRAM   BANK0   BANK1   BANK2   BANK3   BANK4   BANK5   BANK6   BANK7
      Params:         0       0       0       0       0       0       0       0       0
      Locals:         1       0       0       0       0       0       0       0       0
      Temps:          0       0       0       0       0       0       0       0       0
      Totals:         1       0       0       0       0       0       0       0       0
Total ram usage:        1 bytes
 Hardware stack levels used:    1
 This function calls:
		Nothing
 This function is called by:
		_USBCtrlEPAllowDataStage
		_USBCtrlTrfInHandler
 This function uses a non-reentrant model



MODULE INFORMATION

Module		Function		Class		Link	Load	Size
C:\Program Files (x86)\Microchip\xc8\v1.33\sources\pic18\plib\ADC\adcbusy.c
		_BusyADC       		CODE           	22D2	0000	12

C:\Program Files (x86)\Microchip\xc8\v1.33\sources\pic18\plib\ADC\adcbusy.c estimated size: 12

C:\Program Files (x86)\Microchip\xc8\v1.33\sources\pic18\plib\ADC\adcopen.c
		_OpenADC       		CODE           	1EE2	0000	124

C:\Program Files (x86)\Microchip\xc8\v1.33\sources\pic18\plib\ADC\adcopen.c estimated size: 124

../src/system.c
		_SYS_InterruptL		CODE           	0018	0000	138
		_SYS_InterruptH		CODE           	0008	0000	8254
		_SYSTEM_Initial		CODE           	21CA	0000	48

../src/system.c estimated size: 8440

../src/usb/src/usb_device_hid.c
		_USBCheckHIDReq		CODE           	138C	0000	256

../src/usb/src/usb_device_hid.c estimated size: 256

shared
		_configDescript		SMALLCONST     	0889	0000	41
		_USB_CD_Ptr    		SMALLCONST     	0807	0000	2
		_sd001         		SMALLCONST     	0851	0000	56
		_sd002         		SMALLCONST     	0809	0000	72
		i2_USBDeviceIni		CODE           	0EBA	0000	336
		__initializatio		CODE           	227C	0000	24
		_device_dsc    		SMALLCONST     	08CF	0000	18
		_USB_SD_Ptr    		SMALLCONST     	0801	0000	6
		_hid_rpt01     		SMALLCONST     	08B2	0000	29
		i2_memset      		CODE           	2228	0000	44
		_sd000         		SMALLCONST     	08E1	0000	4
		i2_USBTransferO		CODE           	1A16	0000	202

shared estimated size: 834

C:\Program Files (x86)\Microchip\xc8\v1.33\sources\pic18\plib\ADC\adcconv.c
		_ConvertADC    		CODE           	22DE	0000	4

C:\Program Files (x86)\Microchip\xc8\v1.33\sources\pic18\plib\ADC\adcconv.c estimated size: 4

C:\Program Files (x86)\Microchip\xc8\v1.33\sources\common\memset.c
		_memset        		CODE           	2160	0000	56

C:\Program Files (x86)\Microchip\xc8\v1.33\sources\common\memset.c estimated size: 56

../src/usb/src/usb_device.c
		_USBCtrlTrfInHa		CODE           	1C6A	0000	170
		_USBTransferOne		CODE           	148C	0000	248
		_USBDeviceAttac		CODE           	2198	0000	50
		_USBStdGetDscHa		CODE           	100A	0000	318
		_USBCtrlEPAllow		CODE           	1D14	0000	158
		_USBStdFeatureR		CODE           	08E6	0000	698
		_USBCtrlEPAllow		CODE           	1BA6	0000	196
		_USBCtrlTrfSetu		CODE           	1E50	0000	146
		_USBCtrlTrfOutH		CODE           	2046	0000	90
		_USBCtrlEPServi		CODE           	1676	0000	240
		_USBSuspend    		CODE           	2254	0000	40
		_USBStdSetCfgHa		CODE           	1584	0000	242
		_USBStdGetStatu		CODE           	1AE0	0000	198
		_USBWakeFromSus		CODE           	21FA	0000	46
		_USBCtrlTrfRxSe		CODE           	127E	0000	270
		_USBCtrlTrfTxSe		CODE           	1936	0000	224
		_USBEnableEndpo		CODE           	20A0	0000	72
		_USBConfigureEn		CODE           	1DB2	0000	158
		_USBDeviceInit 		CODE           	0D48	0000	370
		_USBCtrlEPServi		CODE           	1856	0000	224
		_USBStallHandle		CODE           	20E8	0000	62
		_USBDeviceTasks		CODE           	1148	0000	310
		_USBCheckStdReq		CODE           	1766	0000	240

../src/usb/src/usb_device.c estimated size: 4770

../src/main_hid.c
		_main          		CODE           	229E	0000	32
		_USER_USB_CALLB		CODE           	1F5E	0000	124

../src/main_hid.c estimated size: 156

../config_18F2550.c
		_initADC       		CODE           	22BE	0000	20

../config_18F2550.c estimated size: 20

../src/app_custom_hid.c
		_APP_USBCBWakeF		CODE           	22E4	0000	2
		_APP_CustomHIDI		CODE           	2126	0000	58
		_APP_CustomHIDT		CODE           	0BA0	0000	424
		_APP_USBCBSuspe		CODE           	22E6	0000	2
		_APP_USBCB_SOF_		CODE           	22E2	0000	2
		_APP_USBCBError		CODE           	22E8	0000	2

../src/app_custom_hid.c estimated size: 490

